1 <-> com.vinplay.api.processors.QuickRegisterProcessor
2 <-> com.vinplay.api.processors.LoginTokenProcessor
3 <-> com.vinplay.api.processors.LoginProcessor
4 <-> com.vinplay.api.processors.LoginWithOTPProcessor
5 <-> com.vinplay.api.processors.UpdateNicknameProcesscor
6 <-> com.vinplay.api.processors.GetAppConfigProcesscor
7 <-> com.vinplay.api.processors.UpdateAppConfigProcessor
8 <-> com.vinplay.api.processors.LoginAppOtpProcessor
9 <-> com.vinplay.api.processors.GetTimeServerProccessor
10 <-> com.vinplay.api.processors.GetConfigAdminProcessor
11 <-> com.vinplay.api.processors.GetConfigVinPlusProcessor
12 <-> com.vinplay.api.processors.vqvip.LuckyVipHistoryProcessor
13 <-> com.vinplay.api.processors.gamebai.GetListPokerTourProcessor
14 <-> com.vinplay.api.processors.gamebai.GetPokerTourDetailProcessor
15 <-> com.vinplay.api.processors.gamebai.GetPokerTicketProcessor
16 <-> com.vinplay.api.processors.otp.GetOtpProcessor
100 <-> com.vinplay.api.processors.minigame.LichSuGiaoDichTXProcessor
101 <-> com.vinplay.api.processors.minigame.TopWinTXProcessor
102 <-> com.vinplay.api.processors.minigame.ChiTietPhienTXProcessor
103 <-> com.vinplay.api.processors.minigame.TopThanhDuProcessor
104 <-> com.vinplay.api.processors.minigame.LichSuRLTLProcessor
105 <-> com.vinplay.api.processors.minigame.LSGDMiniPokerProcessor
106 <-> com.vinplay.api.processors.minigame.VinhDanhMiniPokerProcessor
107 <-> com.vinplay.api.processors.minigame.LSGDCaoThapProcessor
108 <-> com.vinplay.api.processors.minigame.VinhDanhCaoThapProcessor
109 <-> com.vinplay.api.processors.minigame.TopCaoThapProcessor
110 <-> com.vinplay.api.processors.gamebai.GetLogNoHuGameBaiProcessor
111 <-> com.vinplay.api.processors.gamebai.GetConfigHuGameBaiProcessor
120 <-> com.vinplay.api.processors.minigame.TopBauCuaProcessor
121 <-> com.vinplay.api.processors.minigame.LSGDBauCuaProcessor
122 <-> com.vinplay.api.processors.minigame.TopToiChonCaProcessor
123 <-> com.vinplay.api.processors.gamebai.TopCaoThuProcessor
124 <-> com.vinplay.api.processors.security.CaptchaProcessor
125 <-> com.vinplay.api.processors.security.UpdateAvatarProcessor
126 <-> com.vinplay.api.processors.vippoint.GetVippointProcessor
127 <-> com.vinplay.api.processors.security.ForgetPasswordProcessor
128 <-> com.vinplay.api.processors.security.ForgetPasswordOtpProcessor
129 <-> com.vinplay.api.processors.GetGameCommonProcessor
130 <-> com.vinplay.api.processors.GetBillingProcessor
131 <-> com.vinplay.api.processors.odp.GetOdpProcessor
132 <-> com.vinplay.api.processors.odp.CheckOdpProcessor
133 <-> com.vinplay.api.processors.security.ForgetPasswordEmailProcessor
134 <-> com.vinplay.api.processors.minigame.LSGDPokeGoProcessor
135 <-> com.vinplay.api.processors.minigame.TopPokeGoProcessor
136 <-> com.vinplay.api.processors.slot.TopKhoBauProcessor
137 <-> com.vinplay.api.processors.slot.LSGDSlotProcessor
138 <-> com.vinplay.api.processors.slot.LSNoHuProcessor
139 <-> com.vinplay.api.processors.minigame.HisToryHuTaiXiuProcessor
201 <-> com.vinplay.api.processors.minigame.LuckyHistoryProcesscor
301 <-> com.vinplay.api.processors.HistoryTransactionLogProcessor
302 <-> com.vinplay.api.processors.GetLogMoneyUserProcessor
401 <-> com.vinplay.api.processors.GetListAgentProcessor
402 <-> com.vinplay.api.processors.ListMailBoxProcessor
403 <-> com.vinplay.api.processors.DeleteMailBoxProcessor
404 <-> com.vinplay.api.processors.UpdateStatusMailProcessor
405 <-> com.vinplay.api.processors.ListMailBoxNewProcessor
501 <-> com.vinplay.api.processors.vippoint.GetEventVPMapProcessor
502 <-> com.vinplay.api.processors.vippoint.GetEventVPTopIntelProcessor
503 <-> com.vinplay.api.processors.vippoint.GetEventVPTopStrongProcessor
601 <-> com.vinplay.api.processors.gamebai.TopGameTourProcessor
602 <-> com.vinplay.api.processors.gamebai.LogGameTourProcessor
1002 <-> com.vinplay.api.processors.bot.LoginBotProcessor
2000 <-> com.vinplay.api.processors.Set2AFProcessor
2001 <-> com.vinplay.api.processors.LogCashoutByCardProcessor
2002 <-> com.vinplay.api.processors.lichsunaprut.HistoryMoneyProcessor
4000 <-> com.vinplay.api.processors.momo.MomoCallBackProcessor
4001 <-> com.vinplay.api.processors.momo.AutoMobileCardCallBackProcessor
4002 <-> com.vinplay.api.processors.minigame.response.TopCaoThuTXProcessor
4003 <-> com.vinplay.api.processors.bongda.GetListKeoProcess
4004 <-> com.vinplay.api.processors.bongda.InsertRequestBongDaProcess
4005 <-> com.vinplay.api.processors.bongda.GetListRequestBongDaProcess
4006 <-> com.vinplay.api.processors.gamebai.GetListNguoiChoi
4007 <-> com.vinplay.api.processors.minigame.TopWinTXVinhDanhProcessor
4008 <-> com.vinplay.api.processors.minigame.TopWinTXVinhDanhForAdminProcessor
4009 <-> com.vinplay.api.processors.cashout.BankCallBackProcess
4010 <-> com.vinplay.api.processors.momo.AutoMobileCardCallBackDuPhong
4011 <-> com.vinplay.api.processors.momo.AutoBankCallBackProcessor
4012 <-> com.vinplay.api.processors.GetBankingProcessor
4013 <-> com.vinplay.api.processors.GetCancelTrans
4014 <-> com.vinplay.api.processors.tai.CountClickProcessor
4015 <-> com.vinplay.api.processors.secretcode.CheckUpdateSecretCodeProcessor
4016 <-> com.vinplay.api.processors.acemodule.AceAuthProcessor
4017 <-> com.vinplay.api.processors.acemodule.ACEBongDaMoneyProcessor
4018 <-> com.vinplay.api.processors.acemodule.DepositAceProcessor
4019 <-> com.vinplay.api.processors.acemodule.WithdrawAceProcessor
4020 <-> com.vinplay.api.processors.otp.SMSOTP
4021 <-> com.vinplay.api.processors.otp.SendSMSOTP
4022 <-> com.vinplay.api.processors.otp.KichhoatOTP
4023 <-> com.vinplay.api.processors.otp.GetPhoneActive
4024 <-> com.vinplay.api.processors.otp.CodeTanThuProcess
4025 <-> com.vinplay.api.processors.bongda.GetMoneyBongDaProcess
4026 <-> com.vinplay.api.processors.acemodule.DepositBanCaProcessor
4027 <-> com.vinplay.api.processors.acemodule.WithdrawBanCaProcessor
4028 <-> com.vinplay.api.processors.acemodule.DepositSicboProcessor
4029 <-> com.vinplay.api.processors.acemodule.WithdrawSicboProcessor
4030 <-> com.vinplay.api.processors.acemodule.DepositLodeAceProcessor
4031 <-> com.vinplay.api.processors.acemodule.WithDrawLodeAceProcessor
4032 <-> com.vinplay.api.processors.acemodule.DepositXeng777Processor
4033 <-> com.vinplay.api.processors.acemodule.WithDrawXeng777Processor
4034 <-> com.vinplay.api.processors.checkgame.CheckGameProcess
4035 <-> com.vinplay.api.processors.momo.AutoCardCallBackSunVinProcess
4036 <-> com.vinplay.api.processors.GetCodePayProcess
4037 <-> com.vinplay.api.processors.momo.AutoCallBackCodePaySunVinProcess
4038 <-> com.vinplay.api.processors.GetInfoMomoSunProcess
4039 <-> com.vinplay.api.processors.GetMomoSunProcress
4040 <-> com.vinplay.api.processors.GetBillingCodepayProcess
4041 <-> com.vinplay.api.processors.AutoHuyDonCodePayProcess
4042 <-> com.vinplay.api.processors.momo.NapBankNew
300 <-> com.vinplay.api.processors.LoginAdminProcessor
